package kata

import (
	"fmt"
	"testing"
)

func TestSol(t *testing.T) {
	testCases := []struct {
		given string
		want bool
	}{
		{"a", false},
		{"a", true},
	}

	for _, tc := range testCases {
		t.Run(fmt.Sprintf("%s", tc.given), func(t *testing.T) {
			got := Sol(tc.given)
			if got != tc.want {
				t.Errorf("got %v want %v", got, tc.want)
			}
		})
	}
}
