package kata

// ::KATA START::
func twoSum(nums []int, target int) []int {
    
}
// ::KATA END::
