import unittest

from two-sum import twoSum


class TestTwoSum(unittest.TestCase):
    def test_cases(self):
        test_cases = [
            # Add your test cases here
        ]

        for input_val, expected_val in test_cases:
            with self.subTest(input=input_val):
                result = twoSum(input_val)
                self.assertEqual(result, expected_val)


if __name__ == "__main__":
    unittest.main()
